slug: 3000-years-of-agarwood-history
chars: 4244 | lead: 139 | H2s: 9 | internal: ['/about-agarwood', '/blog/agarwood-cultural-history', '/blog/agarwood-in-donguibogam']
H2 sizes: [('침향은 왜 이름부터 가라앉는 향일까요?', 413), ('성경은 침향을 어느 대목에 적어 두었을까요?', 421), ('불경 속 침향은 어떤 자리에 놓였을까요?', 425), ('옛 의서는 침향을 어떤 말로 적었을까요?', 434), ('무역 기록이 가리키는 산지는 어디일까요?', 442), ('신라의 기록에도 침향이 남아 있습니다', 426), ('대라천이 확인한 것과 확인하지 않은 것', 410), ('자주 묻는 질문', 395), ('근거·출처', 608)]
FAILURES: NONE
slug: agarwood-7-basics-faq
chars: 5887 | lead: 159 | H2s: 12 | internal: ['/blog/agarwood-many-names-milhyangsu', '/blog/what-is-agarwood-for-beginners', '/products']
H2 sizes: [('기초① 침향이란 무엇입니까?', 428), ('기초② 침향은 어떻게 만들어집니까?', 435), ('기초③ 침향은 왜 그렇게 귀하고 비쌀까요?', 406), ('기초④ 침향은 어떤 나무에서 나옵니까?', 401), ('기초⑤ 좋은 침향은 어디서 납니까?', 409), ('기초⑥ 진짜 침향인지 무엇으로 확인합니까?', 417), ('기초⑦ 침향은 어떻게 보관합니까?', 435), ('대라천은 어떤 규모로 침향을 기릅니까?', 429), ('침향은 언제부터 귀하게 여겨졌습니까?', 434), ('대라천이 확인한 것과 확인하지 않은 것', 402), ('자주 묻는 질문', 429), ('근거·출처', 730)]
FAILURES: NONE
slug: agarwood-active-compounds-explained
chars: 4739 | lead: 156 | H2s: 9 | internal: ['/about-agarwood', '/blog/the-science-of-warming-agarwood']
H2 sizes: [('침향 성분은 어디서 생겨날까요?', 476), ('세스퀴테르펜은 무엇일까요?', 439), ('크로몬(PEC)은 무엇일까요?', 402), ('두 성분군을 표로 견주면', 424), ('연구는 무엇을 보고했고, 무엇을 보고하지 않았을까요?', 414), ('성분은 어떻게 숫자로 확인할까요?', 426), ('대라천이 확인한 것과 확인하지 않은 것', 438), ('자주 묻는 질문', 362), ('근거·출처', 1084)]
FAILURES: NONE
slug: agarwood-and-suseung-hwagang
chars: 5084 | lead: 180 | H2s: 10 | internal: ['/about-agarwood', '/blog/agarwood-in-donguibogam', '/blog/agarwood-nature-and-taste-seongmi']
H2 sizes: [('수승화강(水昇火降)은 글자 그대로 무슨 뜻인가요?', 412), ('옛 의학은 왜 몸을 물과 불로 나누어 적었나요?', 474), ('향약집성방은 침향을 어떻게 적었나요?', 475), ('본초강목과 동의보감은 무엇을 덧붙였나요?', 458), ('담음·어혈 같은 말은 무엇을 가리키나요?', 429), ('수승화강 기록과 대라천 제품은 어떻게 구분해야 할까요?', 499), ('이 오래된 언어를 오늘 어떻게 읽으면 좋을까요?', 451), ('대라천이 확인한 것과 확인하지 않은 것', 438), ('자주 묻는 질문', 488), ('근거·출처', 613)]
FAILURES: NONE
slug: agarwood-as-superior-herb-shennong
chars: 4183 | lead: 150 | H2s: 9 | internal: ['/about-agarwood', '/blog/3000-years-of-agarwood-history', '/blog/agarwood-in-donguibogam']
H2 sizes: [('신농본초경은 어떤 책일까요?', 446), ('삼품 분류는 무엇을 기준으로 갈랐을까요?', 409), ('침향은 언제 상품에 올랐을까요?', 420), ('다른 옛 의서는 침향을 어떻게 적었을까요?', 402), ('오늘의 등급은 무엇으로 나눌까요?', 432), ('옛 등급을 오늘 어떻게 읽어야 할까요?', 413), ('대라천이 확인한 것과 확인하지 않은 것', 403), ('자주 묻는 질문', 354), ('근거·출처', 633)]
FAILURES: NONE
slug: agarwood-bracelet-beads-care
chars: 4951 | lead: 208 | H2s: 10 | internal: ['/about-agarwood', '/blog/how-to-store-agarwood', '/products']
H2 sizes: [('팔찌에서 향이 나는 원리는 무엇인가요', 462), ('하루 관리 순서는 어떻게 되나요', 418), ('향이 옅어졌을 때 어떤 순서로 손질하나요', 418), ('해도 좋은 것과 피해야 할 것은 무엇인가요', 429), ('물과 화학 성분은 왜 피해야 하나요', 423), ('팔찌·묵주·합장주는 어떻게 나누어 쓰나요', 417), ('선물받았다면 무엇부터 하나요', 447), ('대라천이 확인한 것과 확인하지 않은 것', 403), ('자주 묻는 질문', 411), ('근거·출처', 779)]
FAILURES: NONE
slug: agarwood-cultural-history
chars: 6257 | lead: 192 | H2s: 9 | internal: ['/about-agarwood', '/blog/real-agarwood-3-criteria']
H2 sizes: [('한눈에 보는 침향 문헌 연표', 639), ('침향은 어떻게 만들어지는 목재일까요', 616), ('신라의 금령에서 고려의 의례까지, 침향은 어떻게 기록됐을까요', 714), ('옛 문헌은 침향 산지를 어디로 적었을까요', 449), ('조선의 의서는 침향을 어떻게 기록했을까요', 425), ('옛 등급 기준을 오늘의 연구는 어떻게 다시 읽고 있을까요', 699), ('천 년의 기록이 오늘 남긴 규제', 475), ('자주 묻는 질문', 700), ('근거·출처', 1213)]
FAILURES: NONE
slug: agarwood-daily-rhythm-morning-to-night
chars: 4245 | lead: 137 | H2s: 9 | internal: ['/about-agarwood', '/blog/how-to-enjoy-agarwood-oil-tea-stick-incense', '/products']
H2 sizes: [('시간대를 정해 두면 무엇이 달라질까요?', 421), ('하루 흐름은 어떻게 배치될까요?', 420), ('아침 — 캡슐 한 알의 자리', 418), ('낮과 오후 — 침향수와 파라미냐차', 462), ('저녁 — 침향단과 향은 어떻게 다룰까요?', 432), ('루틴이 무너지는 날에는 어떻게 할까요?', 403), ('대라천이 확인한 것과 확인하지 않은 것', 410), ('자주 묻는 질문', 328), ('근거·출처', 698)]
FAILURES: NONE
slug: agarwood-enjoy-and-storage-guide
chars: 5468 | lead: 265 | H2s: 9 | internal: ['/about-agarwood', '/blog/cham-agarwood-from-farm-to-capsule']
H2 sizes: [('침향의 향은 무엇이 만들까요', 522), ('빛·습기·열은 왜 피해야 할까요', 592), ('침향 보관법, 어느 자리가 가장 좋을까요', 438), ('형태별로 무엇이 달라지나요', 448), ('향은 어떻게 즐기면 좋을까요', 479), ('선물할 때 무엇을 함께 전하면 좋을까요', 429), ('대라천이 확인한 것과 확인하지 않은 것', 454), ('자주 묻는 질문', 473), ('근거·출처', 1258)]
FAILURES: NONE
slug: agarwood-gift-guide
chars: 5368 | lead: 139 | H2s: 11 | internal: ['/about-agarwood', '/blog/agarwood-enjoy-and-storage-guide', '/blog/choose-your-first-agarwood-product', '/products']
H2 sizes: [('침향은 왜 선물로 어울릴까요?', 427), ('상황별로 어떤 침향 제품이 어울릴까요?', 487), ('가격대는 어떻게 벌어져 있나요?', 450), ('부모님·어른께는 무엇을 드리면 좋을까요?', 401), ('가볍게 마음을 전하고 싶다면?', 422), ('명상·기도하는 분께는 무엇이 어울릴까요?', 439), ('나를 위한 선물로도 괜찮을까요?', 432), ('선물과 함께 알려 드리면 좋은 정보는?', 417), ('조엘라이프(주)가 확인한 것과 확인하지 않은 것', 413), ('자주 묻는 질문', 621), ('근거·출처', 563)]
FAILURES: NONE
slug: agarwood-in-bible-and-buddhist-scriptures
chars: 4151 | lead: 145 | H2s: 9 | internal: ['/about-agarwood', '/blog/3000-years-of-agarwood-history', '/blog/agarwood-cultural-history']
H2 sizes: [('서로 먼 두 경전에 왜 같은 향이 나올까요?', 445), ('성경은 침향을 어느 대목에 적었을까요?', 421), ('성경의 번역어는 오늘의 침향과 같을까요?', 411), ('불경은 침향을 어떤 자리에 두었을까요?', 415), ('아홉 대목을 한 표로 겹쳐 보면', 446), ('공통점은 무엇이고, 공통점이 아닌 것은 무엇일까요?', 404), ('대라천이 확인한 것과 확인하지 않은 것', 400), ('자주 묻는 질문', 346), ('근거·출처', 587)]
FAILURES: NONE
slug: agarwood-in-daily-life-through-history
chars: 3584 | lead: 124 | H2s: 8 | internal: ['/about-agarwood', '/blog/agarwood-in-bible-and-buddhist-scriptures', '/products']
H2 sizes: [('옛 기록은 옷과 침상의 향을 어떻게 적었을까요?', 420), ('왜 오래 남는 향이 옷과 침구에 쓰였을까요?', 413), ('옛 쓰임과 오늘의 형태를 나란히 놓으면', 422), ('향으로 쓰는 세 형태는 어떻게 다를까요?', 404), ('먹는 침향과 향으로 쓰는 침향은 같은가요?', 413), ('대라천이 확인한 것과 확인하지 않은 것', 417), ('자주 묻는 질문', 295), ('근거·출처', 560)]
FAILURES: NONE
slug: agarwood-in-donguibogam
chars: 4614 | lead: 182 | H2s: 9 | internal: ['/about-agarwood', '/blog/agarwood-cultural-history', '/blog/cham-agarwood-from-farm-to-capsule']
H2 sizes: [('동의보감은 침향을 어떻게 적어 두었을까요?', 458), ('조선의 의서에는 침향이 어디에 남아 있을까요?', 450), ('중국 본초서에는 침향이 어떻게 실렸을까요?', 476), ('옛 문헌의 표현을 오늘의 말로 옮기면', 453), ('왜 이토록 많은 책에 침향의 이름이 남았을까요?', 446), ('문헌 기록과 대라천 제품은 어떻게 구분해야 할까요?', 521), ('대라천이 확인한 것과 확인하지 않은 것', 453), ('자주 묻는 질문', 486), ('근거·출처', 547)]
FAILURES: NONE
slug: agarwood-in-five-incenses-ohyang
chars: 4032 | lead: 159 | H2s: 8 | internal: ['/about-agarwood', '/blog/how-to-describe-agarwood-scent', '/products']
H2 sizes: [('오향은 무엇을 묶어 부르는 이름일까요?', 443), ('탑·미들·베이스로 보면 어떻게 나뉠까요?', 460), ('다섯 재료의 성격을 표로 견주면', 422), ('침향은 왜 만들어지기 어려울까요?', 581), ('다섯을 굳이 함께 쓴 이유는 무엇일까요?', 410), ('대라천이 확인한 것과 확인하지 않은 것', 445), ('자주 묻는 질문', 343), ('근거·출처', 661)]
FAILURES: NONE
slug: agarwood-in-gyeongokgo-tradition-meets-science
chars: 4299 | lead: 129 | H2s: 9 | internal: ['/about-agarwood', '/blog/agarwood-active-compounds-explained', '/blog/agarwood-in-donguibogam']
H2 sizes: [('가미방은 무엇을 뜻할까요?', 406), ('이런 연구는 어떤 순서로 진행될까요?', 408), ('항산화와 면역은 무엇을 재는 말일까요?', 434), ('대라천이 이 글에서 뺀 것', 424), ('확인할 수 있는 국내 연구는 무엇일까요?', 537), ('왜 한 연구라는 말을 강조할까요?', 404), ('대라천이 확인한 것과 확인하지 않은 것', 407), ('자주 묻는 질문', 300), ('근거·출처', 737)]
FAILURES: NONE
slug: agarwood-in-research-papers
chars: 6394 | lead: 128 | H2s: 11 | internal: ['/about-agarwood', '/blog/agarwood-active-compounds-explained', '/blog/agarwood-in-gyeongokgo-tradition-meets-science']
H2 sizes: [('논문이 있다는 것은 무엇을 뜻할까요?', 407), ('어떤 논문들이 침향을 다뤘을까요?', 637), ('근거는 어느 단계까지 쌓였을까요?', 415), ('성분을 숫자로 본 연구는 무엇일까요?', 405), ('개별 연구는 무엇을 살폈을까요?', 413), ('총설은 무엇을 정리했을까요?', 522), ('대라천이 이 글에서 뺀 것', 422), ('논문을 읽을 때 무엇을 조심할까요?', 412), ('대라천이 확인한 것과 확인하지 않은 것', 484), ('자주 묻는 질문', 272), ('근거·출처', 1736)]
FAILURES: NONE
slug: agarwood-many-names-milhyangsu
chars: 5140 | lead: 169 | H2s: 11 | internal: ['/blog/agarwood-7-basics-faq', '/blog/what-is-agarwood-for-beginners', '/products']
H2 sizes: [('‘밀향수’라는 이름은 어느 문헌에 적혀 있습니까?', 410), ('‘침수향’과 ‘침향’은 왜 가라앉는다는 뜻일까요?', 404), ('‘아가우드’와 학명은 누가 붙인 이름입니까?', 407), ('이름의 계보를 한눈에 정리하면 이렇습니다', 417), ('산지 이름 속에도 침향이 숨어 있습니까?', 413), ('성경에도 침향이라는 이름이 나옵니까?', 401), ('같은 ‘아퀼라리아’인데 왜 종소명까지 따져야 하나요?', 521), ('이름을 알면 무엇이 좋아집니까?', 407), ('대라천이 확인한 것과 확인하지 않은 것', 412), ('자주 묻는 질문', 363), ('근거·출처', 582)]
FAILURES: NONE
slug: agarwood-nature-and-taste-seongmi
chars: 5049 | lead: 203 | H2s: 10 | internal: ['/about-agarwood', '/blog/agarwood-in-donguibogam', '/blog/agarwood-pharmacopoeia-spec-authentication']
H2 sizes: [('성미(性味)는 무엇을 적어 둔 말인가요?', 457), ('동의보감은 침향의 성미를 어떻게 적었나요?', 452), ('약전 규격집은 침향을 어떤 기준으로 적나요?', 462), ('두 기록이 어긋나 보이는 이유는 무엇인가요?', 423), ('성(性) 넷과 미(味) 다섯은 어떻게 나뉘나요?', 445), ('성미는 실제로 다루는 방법까지 바꾸었을까요?', 431), ('성미 기록과 대라천 제품은 어떻게 구분해야 할까요?', 454), ('대라천이 확인한 것과 확인하지 않은 것', 470), ('자주 묻는 질문', 494), ('근거·출처', 593)]
FAILURES: NONE
slug: agarwood-oil-daily-dose-2-3mg
chars: 5214 | lead: 182 | H2s: 10 | internal: ['/about-agarwood', '/blog/choose-your-first-agarwood-product', '/products']
H2 sizes: [('침향 오일 mg 표기는 무엇을 가리킬까요?', 493), ('2~3mg은 권장 섭취량인가요?', 421), ('분말과 오일, 표기 눈금은 얼마나 벌어질까요?', 430), ('대라천 오일 제품의 규격은 어떻게 적혀 있나요?', 469), ('오일 함량 숫자만으로 좋은 제품인지 알 수 있을까요?', 411), ('제형마다 표기 단위가 다른 이유는 무엇일까요?', 427), ('오일 캡슐은 어떤 규격으로 구성되어 있나요?', 439), ('대라천이 확인한 것과 확인하지 않은 것', 417), ('자주 묻는 질문', 582), ('근거·출처', 782)]
FAILURES: NONE
slug: agarwood-pharmacopoeia-spec-authentication
chars: 4760 | lead: 192 | H2s: 9 | internal: ['/about-agarwood', '/blog/why-aquilaria-agallocha-roxburgh-matters', '/brand-story', '/process']
H2 sizes: [('이화학 규격은 무엇을 재는 잣대일까요?', 448), ('세 숫자는 각각 무엇을 뜻할까요?', 594), ('왜 이 숫자는 겉모습으로 속이기 어려울까요?', 429), ('약전 규격집 등재는 효능을 인정한 것일까요?', 475), ('조엘라이프(주)는 이 규격을 어떻게 지킬까요?', 494), ('안전성 검사와 품질 규격은 어떻게 다를까요?', 498), ('네 기둥을 함께 세우면 무엇이 달라질까요?', 410), ('자주 묻는 질문', 490), ('근거·출처', 592)]
FAILURES: NONE
slug: agarwood-trade-tang-song-yuan-ming
chars: 3768 | lead: 140 | H2s: 8 | internal: ['/about-agarwood', '/blog/3000-years-of-agarwood-history', '/blog/vietnam-vs-indonesia-agarwood-origin']
H2 sizes: [('침향은 왜 무역품이 되었을까요?', 419), ('가장 이른 산지 기록은 무엇일까요?', 430), ('당·송·원·명은 어디를 적었을까요?', 418), ('왜 문헌마다 지명이 다를까요?', 424), ('오늘의 연구는 분포를 어떻게 다룰까요?', 427), ('대라천이 확인한 것과 확인하지 않은 것', 405), ('자주 묻는 질문', 330), ('근거·출처', 672)]
FAILURES: NONE
slug: agarwood-vs-sandalwood-musk
chars: 6330 | lead: 209 | H2s: 11 | internal: ['/about-agarwood', '/blog/agarwood-in-donguibogam', '/blog/how-to-read-agarwood-certificates', '/blog/proof-in-water-cup-and-papers', '/blog/vietnam-5-farms-200ha-4million-trees', '/blog/vietnam-vs-indonesia-agarwood-origin', '/blog/why-agarwood-sinks-in-water', '/blog/why-aquilaria-agallocha-roxburgh-matters', '/brand-story']
H2 sizes: [('세 향은 각각 어디서 나오나요?', 492), ('침향은 어떤 과정을 거쳐 만들어지나요?', 463), ('백단향과 사향은 왜 따로 두고 보아야 할까요?', 416), ('표로 견주면 무엇이 달라 보이나요?', 463), ('침향의 향 성분으로는 무엇이 밝혀져 있나요?', 609), ('침향은 왜 산지를 따로 확인하나요?', 482), ('진짜 침향은 무엇으로 확인하나요?', 606), ('옛 기록은 침향을 어떻게 남겼나요?', 463), ('대라천이 확인한 것과 확인하지 않은 것', 414), ('자주 묻는 질문', 499), ('근거·출처', 953)]
FAILURES: NONE
slug: cham-agarwood-from-farm-to-capsule
chars: 6130 | lead: 245 | H2s: 9 | internal: ['/about-agarwood', '/blog/from-farm-to-capsule-process', '/blog/how-to-read-agarwood-certificates', '/blog/why-aquilaria-agallocha-roxburgh-matters', '/products/daerachoen-cham-agarwood-oil-capsule']
H2 sizes: [('대라천은 왜 원료를 사 오지 않고 직접 기를까요?', 603), ("'참'침향의 기원 식물은 무엇으로 확정했습니까?", 545), ('농장에서 캡슐까지 여섯 단계는 어떻게 이어집니까?', 588), ('원목 400kg에서 오일은 얼마나 나옵니까?', 500), ('추출법은 오일의 성분에 어떤 영향을 줍니까?', 537), ('서류로 무엇까지 증명할 수 있습니까?', 572), ('왜 캡슐이라는 형태를 택했습니까?', 438), ('자주 묻는 질문', 595), ('근거·출처', 1362)]
FAILURES: NONE
slug: choose-your-first-agarwood-product
chars: 5639 | lead: 143 | H2s: 12 | internal: ['/about-agarwood', '/blog/agarwood-gift-guide', '/blog/agarwood-oil-daily-dose-2-3mg', '/faq', '/products']
H2 sizes: [('첫 제품은 무엇을 기준으로 고르면 될까요?', 412), ('예와 아니오만 따라가면 첫 제품이 정해집니다', 477), ('제품별 성격은 어떻게 다를까요?', 408), ('한 번 사면 얼마나 오래 즐길 수 있나요?', 412), ('오일 캡슐과 파라미냐차는 어떻게 다를까요?', 419), ('선향과 스틱은 어떤 분께 맞을까요?', 472), ('예산은 어떻게 잡으면 좋을까요?', 431), ('진짜 침향인지 어떻게 확인하나요?', 444), ('선물로 고를 때는 무엇이 달라질까요?', 422), ('조엘라이프(주)가 확인한 것과 확인하지 않은 것', 412), ('자주 묻는 질문', 388), ('근거·출처', 621)]
FAILURES: NONE
slug: daeracheon-history-1998-to-2026
chars: 4728 | lead: 224 | H2s: 9 | internal: ['/about-agarwood', '/blog/from-farm-to-capsule-process']
H2 sizes: [('대라천 연혁은 어디에서 시작합니까?', 441), ('연도별 발자취는 어떻게 이어집니까?', 620), ('2014년 노니 발효 시스템은 무엇을 바꿨습니까?', 408), ('2018년에는 무엇이 한꺼번에 정비됐습니까?', 427), ('2023년부터 2026년까지 무엇을 준비했습니까?', 404), ('대라천이 공개한 검사·인증 번호는 무엇입니까?', 425), ('왜 20년을 기다려야 합니까?', 429), ('자주 묻는 질문', 413), ('근거·출처', 793)]
FAILURES: NONE
slug: emotion-vs-reason-luxury-buying
chars: 4081 | lead: 125 | H2s: 9 | internal: ['/about-agarwood', '/blog/heavy-metal-free-safety-testing', '/blog/how-to-read-agarwood-certificates']
H2 sizes: [('왜 끌린 뒤에 이유를 찾을까요?', 411), ('끌림의 이유와 확인할 근거를 나눠 보면', 437), ('확인할 근거는 무엇으로 채울까요?', 450), ('선물과 자기보상은 무엇이 다를까요?', 416), ('이야기는 왜 마음을 움직일까요?', 414), ('후회는 어디서 생길까요?', 408), ('대라천이 확인한 것과 확인하지 않은 것', 402), ('자주 묻는 질문', 275), ('근거·출처', 631)]
FAILURES: NONE
slug: experience-agarwood-through-sihyang
chars: 5577 | lead: 166 | H2s: 11 | internal: ['/about-agarwood', '/blog/phu-quoc-agarwood-forest-healing-trip', '/blog/vietnam-5-farms-200ha-4million-trees']
H2 sizes: [('시향(試香)은 무엇을 확인하는 절차인가요?', 468), ('전시장은 무엇을 어떤 순서로 보여 주나요?', 404), ('아오자이 도슨트는 어떤 안내를 맡나요?', 422), ('시향과 시음은 어떤 순서로 진행되나요?', 435), ('방문은 어떻게 예약하나요?', 419), ('시향으로 무엇을 가려낼 수 있나요?', 524), ('전시장에 가지 못한다면 무엇을 확인하면 되나요?', 424), ('푸꾸옥 체험 농장과는 무엇이 다른가요?', 420), ('자주 묻는 질문', 383), ('대라천이 확인한 것과 확인하지 않은 것', 456), ('근거·출처', 799)]
FAILURES: NONE
slug: extraction-method-shapes-aroma-72h-distillation
chars: 4433 | lead: 131 | H2s: 9 | internal: ['/about-agarwood', '/blog/agarwood-active-compounds-explained', '/products']
H2 sizes: [('추출은 무엇을 뽑아내는 일일까요?', 405), ('추출법마다 무엇이 다를까요?', 561), ('대라천은 왜 72시간 증기증류를 택했을까요?', 419), ('원목이 오일이 되기까지 어떤 순서일까요?', 416), ('세척과 건조가 왜 결과를 좌우할까요?', 417), ('오일은 함량이 높을수록 좋을까요?', 409), ('대라천이 확인한 것과 확인하지 않은 것', 417), ('자주 묻는 질문', 327), ('근거·출처', 807)]
FAILURES: NONE
slug: first-agarwood-purchase-anxiety
chars: 5115 | lead: 202 | H2s: 10 | internal: ['/blog/how-to-read-agarwood-certificates', '/blog/individual-tree-id-traceability', '/blog/qr-lot-traceability-trust', '/blog/why-aquilaria-agallocha-roxburgh-matters', '/blog/why-fake-agarwood-market-exists', '/products']
H2 sizes: [('첫 구매가 유독 망설여지는 이유는 무엇인가요?', 457), ('대라천이 문서로 남겨 둔 것은 무엇인가요?', 407), ('구매 전에 무엇을 요청해 확인할 수 있나요?', 415), ('학명 표기는 무엇을 가려 주나요?', 492), ('어떤 제품부터 시작하면 부담이 적을까요?', 462), ('캡슐의 표시 사양과 주의 대상은 어떻게 되나요?', 419), ('선물로 고를 때는 무엇을 확인하나요?', 424), ('대라천이 확인한 것과 확인하지 않은 것', 434), ('자주 묻는 질문', 525), ('근거·출처', 727)]
FAILURES: NONE
slug: from-farm-to-capsule-process
chars: 5175 | lead: 214 | H2s: 10 | internal: ['/about-agarwood', '/blog/daeracheon-history-1998-to-2026']
H2 sizes: [('침향 제조 공정은 어떤 순서로 이어집니까?', 465), ('1단계 — 20~30년, 한 품종만 유기농으로 기릅니다', 460), ('2단계 — 노니 발효액으로 수지를 내립니다', 414), ('3단계 — 왜 기계 대신 사람 손으로 골라냅니까?', 445), ('4단계 — 동나이 직영 공장에서 전통 증기증류를 합니다', 426), ('5단계 — 검사와 인증으로 무엇을 확인합니까?', 496), ('6단계 — 캡슐과 Lot 번호로 이력이 닫힙니다', 447), ('대라천이 갖춘 국제 기준과 규격은 무엇입니까?', 454), ('자주 묻는 질문', 451), ('근거·출처', 729)]
FAILURES: NONE
slug: heavy-metal-free-safety-testing
chars: 4704 | lead: 150 | H2s: 10 | internal: ['/about-agarwood', '/blog/how-to-read-agarwood-certificates', '/blog/individual-tree-id-traceability']
H2 sizes: [('안전성 시험은 무엇을 확인하는 절차일까요?', 407), ('중금속 8종 시험 결과는 무엇이었나요?', 400), ('불검출은 0과 같은 말일까요?', 417), ('ISO/IEC 17025:2017은 무엇을 인정하는 기준일까요?', 432), ('안전 말고 무엇을 더 증명할까요?', 540), ('약전 규격은 무엇을 정해 두었을까요?', 410), ('안전과 효능은 왜 다를까요?', 413), ('대라천이 확인한 것과 확인하지 않은 것', 401), ('자주 묻는 질문', 301), ('근거·출처', 684)]
FAILURES: NONE
slug: home-cafe-agarwood-tea-ritual
chars: 4077 | lead: 130 | H2s: 9 | internal: ['/about-agarwood', '/blog/how-to-enjoy-agarwood-oil-tea-stick-incense', '/products']
H2 sizes: [('침향 파라미냐차는 어떤 구성일까요?', 418), ('어떻게 우리라고 안내될까요?', 401), ('세 탕은 무엇이 달라질까요?', 457), ('침향차·수 세트는 무엇이 다를까요?', 427), ('왜 90ml라는 적은 양일까요?', 400), ('흔한 실수는 무엇일까요?', 412), ('대라천이 확인한 것과 확인하지 않은 것', 411), ('자주 묻는 질문', 276), ('근거·출처', 636)]
FAILURES: NONE
slug: how-to-avoid-fake-agarwood
chars: 5712 | lead: 196 | H2s: 10 | internal: ['/about-agarwood', '/blog/vietnam-5-farms-200ha-4million-trees', '/blog/why-fake-agarwood-market-exists', '/brand-story']
H2 sizes: [('가짜 침향 구별법의 첫 기준은 왜 학명입니까?', 453), ('대한민국 공식 문서는 침향을 어떻게 정의합니까?', 618), ('대라천은 어떤 규격으로 원료를 걸러냅니까?', 447), ('산지는 무엇을 근거로 확인합니까?', 497), ('서류는 어디까지 요청할 수 있습니까?', 459), ('침향은 왜 이렇게 귀한 재료입니까?', 410), ('가짜 침향 구별법을 3단계로 정리하면?', 565), ('대라천이 확인한 것과 확인하지 않은 것', 436), ('자주 묻는 질문', 576), ('근거·출처', 906)]
FAILURES: NONE
slug: how-to-describe-agarwood-scent
chars: 6737 | lead: 169 | H2s: 12 | internal: ['/about-agarwood', '/blog/experience-agarwood-through-sihyang', '/blog/the-science-of-warming-agarwood', '/products']
H2 sizes: [('향은 왜 시간이 지나면서 달라질까요?', 437), ('침향을 향 피라미드로 그리면 어떻게 될까요?', 446), ('침향에서 확인된 성분은 무엇인가요?', 539), ('세기·지속·인상은 어떻게 눈금으로 옮길까요?', 454), ('시향 노트는 어떻게 쓰면 될까요?', 431), ('어떤 환경에서 맡아야 제대로 느낄까요?', 448), ('형태가 다르면 향도 다르게 느껴질까요?', 513), ('연구는 침향의 향에 대해 무엇을 보고했나요?', 523), ('표현이 늘면 무엇이 달라지나요?', 405), ('대라천이 확인한 것과 확인하지 않은 것', 453), ('자주 묻는 질문', 397), ('근거·출처', 1262)]
FAILURES: NONE
slug: how-to-enjoy-agarwood-oil-tea-stick-incense
chars: 5106 | lead: 200 | H2s: 10 | internal: ['/about-agarwood', '/blog/agarwood-bracelet-beads-care', '/blog/how-to-store-agarwood', '/products']
H2 sizes: [('침향은 어떤 방식으로 즐길 수 있나요', 450), ('제품별 사용법은 어떻게 표기돼 있나요', 461), ('먹고 마시는 제품은 무엇이 다른가요', 511), ('침향단과 기보단은 어떤 제품인가요', 440), ('향으로 즐기는 스틱과 선향은 어떻게 다른가요', 432), ('몸에 지니는 팔찌와 묵주는 어떻게 쓰나요', 425), ('처음이라면 무엇부터 고르면 되나요', 400), ('대라천이 확인한 것과 확인하지 않은 것', 417), ('자주 묻는 질문', 383), ('근거·출처', 848)]
FAILURES: NONE
slug: how-to-read-agarwood-certificates
chars: 6360 | lead: 194 | H2s: 10 | internal: ['/about-agarwood', '/blog/proof-in-water-cup-and-papers', '/brand-story', '/products']
H2 sizes: [('침향 인증서는 결국 무엇을 증명하는 서류일까요?', 511), ('CITES 서류는 무엇을 증명하나요?', 494), ('유전자(DNA) 검사는 품종을 어떻게 확인하나요?', 567), ('유기농·식품안전 인증은 어디까지 말해 주나요?', 661), ('수지유도제 특허와 이력 관리는 무엇을 뜻하나요?', 543), ('서류는 어떤 순서로 확인해야 할까요?', 441), ('인증서 용어와 번호, 이만큼만 알면 됩니다', 605), ('대라천이 확인한 것과 확인하지 않은 것', 438), ('자주 묻는 질문', 655), ('근거·출처', 1087)]
FAILURES: NONE
slug: how-to-store-agarwood
chars: 5351 | lead: 214 | H2s: 10 | internal: ['/about-agarwood', '/blog/agarwood-bracelet-beads-care', '/blog/agarwood-enjoy-and-storage-guide', '/products']
H2 sizes: [('보관할 자리는 어떤 순서로 정하나요', 466), ('제품별 보관법과 유통기한은 어떻게 다른가요', 405), ('개봉하면 무엇이 달라지나요', 522), ('원목과 조각은 어떻게 다뤄야 하나요', 482), ('차·환·선향은 어떻게 나눠 두나요', 462), ('언제 한 번씩 점검하면 되나요', 450), ('향이 옅어졌다면 무엇을 확인하나요', 459), ('대라천이 확인한 것과 확인하지 않은 것', 438), ('자주 묻는 질문', 436), ('근거·출처', 887)]
FAILURES: NONE
slug: individual-tree-id-traceability
chars: 5243 | lead: 136 | H2s: 10 | internal: ['/about-agarwood', '/blog/qr-lot-traceability-trust', '/blog/vietnam-5-farms-200ha-4million-trees', '/blog/why-aquilaria-agallocha-roxburgh-matters']
H2 sizes: [('대라천은 나무 한 그루에 무엇을 기록하나요?', 416), ('고유번호는 20년을 버티는 장부입니다', 450), ('심기에서 채취까지, 번호가 따라가는 다섯 단계', 404), ('수지내림 기록은 왜 따로 남기나요?', 448), ('나무 번호는 제품 Lot 번호로 어떻게 이어지나요?', 435), ('침향 이력관리를 뒷받침하는 검사·인증 문서', 654), ('1998년부터 쌓인 재배 기록', 466), ('자주 묻는 질문', 494), ('대라천이 확인한 것과 확인하지 않은 것', 449), ('근거·출처', 654)]
FAILURES: NONE
slug: intro-to-incense-culture-chwihyang
chars: 4105 | lead: 134 | H2s: 9 | internal: ['/about-agarwood', '/blog/agarwood-in-bible-and-buddhist-scriptures', '/blog/agarwood-trade-tang-song-yuan-ming']
H2 sizes: [('취향(取香)은 무엇을 가리키는 말일까요?', 405), ('향은 어떤 자리에서 쓰였을까요?', 426), ('왜 침향이 그 중심에 놓였을까요?', 467), ('옛 본초의 정심(定心) 표현은 어떻게 읽어야 할까요?', 408), ('산지를 함께 보는 습관은 어디서 왔을까요?', 412), ('향을 고를 때 무엇을 확인하면 좋을까요?', 418), ('대라천이 확인한 것과 확인하지 않은 것', 414), ('자주 묻는 질문', 285), ('근거·출처', 604)]
FAILURES: NONE
slug: meaning-of-agarwood-108-prayer-beads
chars: 3985 | lead: 139 | H2s: 9 | internal: ['/about-agarwood', '/blog/agarwood-bracelet-beads-care', '/products']
H2 sizes: [('108이라는 수는 무엇을 가리킬까요?', 412), ('침향으로 만든 염주는 무엇이 다를까요?', 416), ('어떤 형태가 있을까요?', 406), ('불경은 침향을 어떻게 다뤘을까요?', 413), ('염주와 선향은 어떻게 다를까요?', 408), ('어떻게 보관해야 향이 오래갈까요?', 403), ('대라천이 확인한 것과 확인하지 않은 것', 426), ('자주 묻는 질문', 287), ('근거·출처', 560)]
FAILURES: NONE
slug: origin-changes-agarwood-compounds-gcms
chars: 4541 | lead: 165 | H2s: 9 | internal: ['/about-agarwood', '/blog/agarwood-active-compounds-explained', '/blog/vietnam-5-farms-200ha-4million-trees']
H2 sizes: [('GC-MS는 무엇을 어떻게 재나요?', 420), ('산지가 성분을 바꾼다는 근거는 무엇일까요?', 417), ('이 숫자를 오해하지 않으려면', 423), ('환경이 다르면 무엇이 달라질까요?', 533), ('재배와 수지 유도는 성분에 어떻게 닿을까요?', 408), ('옛 문헌도 산지를 적었습니다', 412), ('대라천이 확인한 것과 확인하지 않은 것', 455), ('자주 묻는 질문', 287), ('근거·출처', 901)]
FAILURES: NONE
slug: patented-resin-induction-12835
chars: 4871 | lead: 210 | H2s: 9 | internal: ['/about-agarwood', '/blog/cham-agarwood-from-farm-to-capsule', '/blog/vietnam-5-farms-200ha-4million-trees']
H2 sizes: [('침향 수지유도 특허 #12835에는 무엇이 적혀 있나요?', 420), ('특허는 무엇을 증명하고, 무엇을 증명하지 않나요?', 444), ('침향의 수지는 애초에 어떻게 만들어지나요?', 440), ('대라천은 나무의 수지 형성을 어떻게 돕나요?', 421), ("'식용 가능한 수지'는 무엇으로 뒷받침되나요?", 458), ('이 기술은 어떤 연혁을 거쳐 왔나요?', 407), ('자주 묻는 질문', 537), ('대라천이 확인한 것과 확인하지 않은 것', 434), ('근거·출처', 845)]
FAILURES: NONE
slug: phu-quoc-agarwood-forest-healing-trip
chars: 5628 | lead: 161 | H2s: 11 | internal: ['/about-agarwood', '/blog/experience-agarwood-through-sihyang', '/blog/from-farm-to-capsule-process', '/blog/vietnam-5-farms-200ha-4million-trees']
H2 sizes: [('푸꾸옥 침향 숲에는 어떤 나무가 자라나요?', 453), ('침향나무는 왜 오래 길러야 하나요?', 547), ('숲길 코스는 어떤 순서로 도나요?', 437), ('100년 넘은 나무 앞에서는 무엇을 보나요?', 462), ('전통 목조 직영 전시장에서는 무엇을 볼 수 있나요?', 441), ('시향과 시음은 어떻게 진행되나요?', 442), ('방문 전에 무엇을 준비하면 되나요?', 421), ('푸꾸옥 농장은 대라천 농장 가운데 어떤 자리인가요?', 421), ('자주 묻는 질문', 370), ('대라천이 확인한 것과 확인하지 않은 것', 444), ('근거·출처', 776)]
FAILURES: NONE
slug: price-quality-illusion-agarwood
chars: 5712 | lead: 220 | H2s: 10 | internal: ['/about-agarwood', '/blog/3-questions-before-buying-agarwood', '/blog/how-to-read-agarwood-certificates', '/blog/real-agarwood-3-criteria', '/products/daerachoen-cham-agarwood-oil-capsule']
H2 sizes: [('침향 가격은 무엇을 알려 주고, 무엇을 알려 주지 못할까요', 404), ('정보가 부족할수록 가격표에 기대게 되는 이유', 511), ('대라천이 가격보다 먼저 공개하는 근거', 438), ('연구자들이 침향을 나누는 기준은 가격이 아닙니다', 517), ('함량 수치가 곧 순도를 뜻하지 않는 이유', 472), ('진짜의 가격에는 무엇이 쌓여 있을까요', 529), ('값을 보기 전에 던지는 세 가지 질문', 415), ('대라천이 확인한 것과 확인하지 않은 것', 445), ('자주 묻는 질문', 449), ('근거·출처', 1159)]
FAILURES: NONE
slug: proof-in-water-cup-and-papers
chars: 5907 | lead: 181 | H2s: 10 | internal: ['/about-agarwood', '/blog/how-to-read-agarwood-certificates', '/brand-story', '/process']
H2 sizes: [("침향을 왜 '물에 가라앉는 향'이라고 부를까요?", 507), ('물컵 침강 테스트는 어떻게 하나요?', 434), ('침강이 증명하지 못하는 것은 무엇인가요?', 476), ('서류 석 장은 무엇을 말해 주나요?', 531), ('학명 하나가 왜 그렇게 중요할까요?', 667), ('산지와 이력은 어떻게 확인하나요?', 517), ('눈으로 보는 확인과 서류 확인을 어떻게 묶을까요?', 503), ('대라천이 확인한 것과 확인하지 않은 것', 440), ('자주 묻는 질문', 546), ('근거·출처', 959)]
FAILURES: NONE
slug: qr-lot-traceability-trust
chars: 4779 | lead: 132 | H2s: 10 | internal: ['/blog/first-agarwood-purchase-anxiety', '/blog/how-to-read-agarwood-certificates', '/blog/individual-tree-id-traceability']
H2 sizes: [('대라천이 QR로 여는 정보는 무엇인가요?', 434), ('Lot 번호는 무엇을 묶은 번호입니까?', 406), ('스캔하면 열리는 네 가지', 414), ('QR 앞단의 사슬 — 농장의 나무에서 Lot까지', 413), ('확인 가능성이 구매 판단을 바꾸는 자리', 412), ('QR이 붙어 있어도 따로 확인할 것', 438), ('품종과 산지는 어디에서 갈립니까?', 401), ('자주 묻는 질문', 438), ('대라천이 확인한 것과 확인하지 않은 것', 431), ('근거·출처', 655)]
FAILURES: NONE
slug: scarcity-numbers-agarwood-400kg
chars: 5479 | lead: 185 | H2s: 11 | internal: ['/about-agarwood', '/blog/individual-tree-id-traceability', '/blog/smell-test-real-vs-blended-agarwood-oil', '/blog/vietnam-5-farms-200ha-4million-trees', '/blog/why-is-agarwood-so-expensive', '/process']
H2 sizes: [('400kg에서 20~25cc는 어느 정도의 농축일까요', 409), ('219,000시간을 햇수로 바꾸면 무엇이 남을까요', 429), ('20년이라는 나무 나이는 왜 조건이 될까요', 410), ('200헥타르·400만 그루는 무엇을 보증하고 무엇을 보증하지 않을까요', 421), ('수율 숫자는 추출 조건이 바뀌면 함께 바뀝니다', 451), ('등급은 수율이나 연수로 정해지지 않습니다', 418), ('근거가 붙은 숫자와 붙지 않은 숫자를 가르는 네 가지 질문', 446), ('근거 없는 큰 숫자는 왜 시장에서 사라지지 않을까요', 430), ('이 숫자들은 제품 속에서 어떻게 만나게 될까요', 434), ('자주 묻는 질문', 435), ('근거·출처', 802)]
FAILURES: NONE
slug: smell-test-real-vs-blended-agarwood-oil
chars: 5328 | lead: 205 | H2s: 10 | internal: ['/about-agarwood', '/blog/3-questions-before-buying-agarwood', '/blog/real-agarwood-3-criteria', '/products/agarwood-essential-oil-1ml']
H2 sizes: [('오일은 왜 눈으로 확인하기 어려울까요', 429), ('순수 침향유와 복합 오일, 향은 어떻게 다를까요', 470), ('후각으로 어디까지 알 수 있고, 어디부터는 알 수 없을까요', 507), ('향을 맡기 전에 조건을 맞춥니다', 416), ('함량 표시가 순도를 대신하지 못하는 이유', 469), ('대라천 침향유는 어떤 공정을 거칠까요', 451), ('향이라는 인상과 서류라는 근거를 함께 씁니다', 448), ('대라천이 확인한 것과 확인하지 않은 것', 450), ('자주 묻는 질문', 522), ('근거·출처', 809)]
FAILURES: NONE
slug: status-good-agarwood-psychology
chars: 3566 | lead: 117 | H2s: 8 | internal: ['/about-agarwood', '/blog/agarwood-trade-tang-song-yuan-ming', '/blog/individual-tree-id-traceability']
H2 sizes: [('왜 향에 그만한 값이 매겨졌을까요?', 412), ('기록은 침향을 어느 자리에 놓았을까요?', 446), ('보이지 않는 것이 왜 과시가 되었을까요?', 406), ('옛 소비와 오늘의 소비는 무엇이 다를까요?', 404), ('무엇이 실제로 달라졌을까요?', 415), ('대라천이 확인한 것과 확인하지 않은 것', 406), ('자주 묻는 질문', 299), ('근거·출처', 554)]
FAILURES: NONE
slug: terroir-shapes-agarwood-5-vietnam-farms
chars: 5396 | lead: 171 | H2s: 10 | internal: ['/about-agarwood', '/blog/individual-tree-id-traceability', '/blog/vietnam-5-farms-200ha-4million-trees']
H2 sizes: [('침향 떼루아라는 말을 어디까지 쓸 수 있나요?', 552), ('대라천의 다섯 농장은 어디에 있나요?', 435), ('농장별 재배 조건은 어떻게 다른가요?', 466), ('동나이와 푸꾸옥은 조건이 어떻게 다른가요?', 422), ('하띤·람동·냐짱의 조건은 무엇인가요?', 412), ('같은 아갈로차인데 왜 다르게 느껴질까요?', 434), ('대라천은 왜 다섯 곳에 나눠 심었나요?', 402), ('자주 묻는 질문', 469), ('대라천이 확인한 것과 확인하지 않은 것', 480), ('근거·출처', 913)]
FAILURES: NONE
slug: the-science-of-warming-agarwood
chars: 5852 | lead: 250 | H2s: 10 | internal: ['/about-agarwood', '/blog/agarwood-enjoy-and-storage-guide', '/products']
H2 sizes: [('왜 데우면 침향 향이 열릴까요?', 444), ('침향 향을 만드는 성분은 무엇일까요?', 644), ('침향 온도가 오를수록 향은 어떻게 달라질까요?', 491), ('체온·온열판·연소, 무엇이 다를까요?', 470), ('향수와 침향은 왜 다르게 느껴질까요?', 400), ('코는 어떻게 향을 알아챌까요?', 446), ('대라천은 침향을 어떤 온도로 다룰까요?', 463), ('향을 오래 즐기는 작은 요령', 463), ('자주 묻는 질문', 482), ('근거·출처', 1164)]
FAILURES: NONE
slug: vietnam-5-farms-200ha-4million-trees
chars: 5500 | lead: 167 | H2s: 10 | internal: ['/about-agarwood', '/blog/cham-agarwood-from-farm-to-capsule']
H2 sizes: [('200헥타르 400만 그루는 어느 정도 규모인가요?', 400), ('조엘라이프(주)는 다섯 지역에 농장을 왜 나눠 두었나요?', 637), ('대라천은 나무를 얼마나 오래 기르나요?', 467), ('대라천이 한 품종만 심는 이유는 무엇인가요?', 462), ('넓은 농장을 뒷받침하는 서류는 무엇인가요?', 593), ('조엘라이프(주)는 언제부터 이 농장을 준비했나요?', 417), ('자주 묻는 질문', 514), ('대라천이 확인한 것과 확인하지 않은 것', 453), ('인용한 연구 원문은 무엇인가요?', 662), ('근거·출처', 485)]
FAILURES: NONE
slug: vietnam-vs-indonesia-agarwood-origin
chars: 7126 | lead: 232 | H2s: 11 | internal: ['/about-agarwood', '/blog/3-questions-before-buying-agarwood', '/blog/real-agarwood-3-criteria', '/process']
H2 sizes: [('산지가 침향 등급을 정하는 기준일까요?', 550), ('베트남과 인도네시아에는 어떤 침향나무가 자랄까요?', 414), ('종이 다르면 무엇을 따로 확인해야 할까요?', 435), ('성분 차이는 산지 때문에 생길까요?', 513), ('산지별 시료를 비교한 연구는 무엇을 보여 줍니까?', 505), ('학명만 보면 산지를 알 수 있을까요?', 500), ('옛 문헌은 어느 산지를 첫손에 꼽았을까요?', 763), ('대라천은 왜 베트남만 쓸까요?', 555), ('산지는 어떻게 확인해야 할까요?', 486), ('자주 묻는 질문', 692), ('근거·출처', 1316)]
FAILURES: NONE
slug: what-is-agarwood-for-beginners
chars: 5627 | lead: 163 | H2s: 11 | internal: ['/blog/agarwood-7-basics-faq', '/blog/agarwood-many-names-milhyangsu', '/products']
H2 sizes: [('침향이란 무엇입니까?', 432), ('왜 이름에 가라앉을 침(沈) 자가 붙었을까요?', 452), ('나무는 어떻게 향을 만들까요?', 456), ('좋은 침향 하나에 왜 25년이 걸릴까요?', 514), ('어떤 나무에서만 침향이 나올까요?', 440), ('옛 문헌은 침향을 어떻게 적었을까요?', 413), ('침향에는 어떤 향기 성분이 들어 있습니까?', 402), ('침향은 어떤 형태로 쓰입니까?', 443), ('대라천이 확인한 것과 확인하지 않은 것', 411), ('자주 묻는 질문', 366), ('근거·출처', 921)]
FAILURES: NONE
slug: why-agarwood-added-last-hu-xia
chars: 4428 | lead: 113 | H2s: 9 | internal: ['/about-agarwood', '/blog/agarwood-active-compounds-explained', '/blog/extraction-method-shapes-aroma-72h-distillation']
H2 sizes: [('후하는 무엇을 정한 용법일까요?', 404), ('왜 약재마다 넣는 순서가 다를까요?', 410), ('침향을 나중에 넣으라 한 이유는 무엇일까요?', 547), ('달이는 순서는 어떻게 진행될까요?', 409), ('옛 용법과 오늘의 공정은 어디서 만날까요?', 404), ('향으로 즐기는 것과 달여 먹는 것은 어떻게 다를까요?', 416), ('대라천이 확인한 것과 확인하지 않은 것', 440), ('자주 묻는 질문', 322), ('근거·출처', 833)]
FAILURES: NONE
slug: why-agarwood-sinks-in-water
chars: 5367 | lead: 192 | H2s: 11 | internal: ['/about-agarwood', '/blog/agarwood-pharmacopoeia-spec-authentication', '/blog/individual-tree-id-traceability', '/blog/proof-in-water-cup-and-papers', '/blog/qr-lot-traceability-trust', '/blog/why-aquilaria-agallocha-roxburgh-matters', '/brand-story']
H2 sizes: [('침향(沈香)이라는 이름은 무엇을 가리킬까요', 428), ('보통 나무는 뜨는데 침향은 왜 가라앉을까요', 405), ('수지가 목질에 쌓이기까지 무슨 일이 일어날까요', 439), ('가라앉는다는 사실은 무엇을 증명하고, 무엇을 증명하지 못할까요', 408), ('약전은 침강 말고 무엇을 함께 보라고 정해 두었을까요', 435), ('대라천은 침강 대신 무엇으로 확인할까요', 443), ('나무 한 그루까지 번호로 남기면 무엇이 달라질까요', 406), ('학명 표기가 두 가지인 이유는 무엇일까요', 421), ('그래서 물컵 실험은 언제 쓰면 될까요', 414), ('자주 묻는 질문', 427), ('근거·출처', 760)]
FAILURES: NONE
slug: why-aquilaria-agallocha-roxburgh-matters
chars: 6632 | lead: 195 | H2s: 11 | internal: ['/about-agarwood', '/blog/agarwood-in-donguibogam', '/blog/agarwood-pharmacopoeia-spec-authentication', '/brand-story', '/company']
H2 sizes: [('학명은 무엇을 정하는 이름일까요?', 510), ('어떤 공식 문서가 이 학명을 침향으로 규정할까요?', 592), ('정명은 malaccensis인데 왜 agallocha로 적을까요?', 544), ('조엘라이프(주)는 왜 이 품종만 쓸까요?', 552), ('산지에 따라 향 성분이 달라질까요?', 414), ('학명을 밝히지 않는 판매자는 왜 있을까요?', 411), ('학명이 확인되면 효능까지 보증되는 걸까요?', 578), ('옛 문헌의 기록은 어떻게 읽어야 할까요?', 402), ('진짜 침향을 가리는 세 기준은 무엇일까요?', 438), ('자주 묻는 질문', 583), ('근거·출처', 1229)]
FAILURES: NONE
slug: why-fake-agarwood-market-exists
chars: 5141 | lead: 153 | H2s: 9 | internal: ['/about-agarwood', '/blog/how-to-avoid-fake-agarwood', '/blog/individual-tree-id-traceability', '/process']
H2 sizes: [('"좋다"는 설명은 왜 근거가 되지 못할까요?', 414), ('침향 정보 비대칭은 시장에서 무엇을 무너뜨릴까요?', 494), ('침향은 왜 특히 확인이 어려운 재료일까요?', 432), ('확인 가능성이라는 기준은 광고 문구와 어떻게 다를까요?', 549), ('대라천은 어떤 근거를 제3자 기록으로 공개할까요?', 624), ('가격은 왜 판단 근거가 되지 못할까요?', 401), ('대라천이 밝히는 범위와 한계', 401), ('자주 묻는 질문', 532), ('근거·출처', 997)]
FAILURES: NONE
slug: why-is-agarwood-so-expensive
chars: 5828 | lead: 187 | H2s: 11 | internal: ['/about-agarwood', '/blog/agarwood-cultural-history', '/blog/agarwood-in-donguibogam', '/blog/how-to-read-agarwood-certificates', '/blog/price-quality-illusion-agarwood', '/blog/scarcity-numbers-agarwood-400kg', '/blog/vietnam-vs-indonesia-agarwood-origin', '/brand-story', '/process']
H2 sizes: [('침향 가격은 어떤 항목이 쌓여 만들어질까요', 466), ('수지가 쌓이는 시간은 왜 원가가 될까요', 528), ('원목 400kg에서 오일 20~25cc — 수율은 값에 어떻게 반영될까요', 469), ('CITES 규제는 가격에 무엇을 더할까요', 415), ('품종과 산지는 왜 값을 가를까요', 415), ('200헥타르에 심은 400만 그루를 관리하는 비용', 401), ('대라천이 값 대신 내놓는 검사 결과', 462), ('수천 년 동안 값이 매겨져 온 향', 434), ('그래서 비싼 침향이 곧 좋은 침향일까요', 417), ('자주 묻는 질문', 508), ('근거·출처', 954)]
FAILURES: NONE
